Archive member included because of file (symbol)

C:/Freescale/CW_MCU_v10.6/MCU/ARM_GCC_Support/ewl/lib/armv6-m\libc.a(atoi.o)
                              ./Sources/Events.o (atoi)
C:/Freescale/CW_MCU_v10.6/MCU/ARM_GCC_Support/ewl/lib/armv6-m\libc.a(exit.o)
                              ./Project_Settings/Startup_Code/__arm_start.o (exit)
C:/Freescale/CW_MCU_v10.6/MCU/ARM_GCC_Support/ewl/lib/armv6-m\libc.a(memset.o)
                              ./Project_Settings/Startup_Code/__arm_start.o (memset)
C:/Freescale/CW_MCU_v10.6/MCU/ARM_GCC_Support/ewl/lib/armv6-m\libc.a(strcmp.o)
                              ./Sources/main.o (strcmp)
C:/Freescale/CW_MCU_v10.6/MCU/ARM_GCC_Support/ewl/lib/armv6-m\libc.a(strcpy.o)
                              ./Sources/Events.o (strcpy)
C:/Freescale/CW_MCU_v10.6/MCU/ARM_GCC_Support/ewl/lib/armv6-m\libc.a(str_extra.o)
                              ./Sources/main.o (__ewl_itoa)
C:/Freescale/CW_MCU_v10.6/MCU/ARM_GCC_Support/ewl/lib/armv6-m\libc.a(ctype_aeabi.o)
                              C:/Freescale/CW_MCU_v10.6/MCU/ARM_GCC_Support/ewl/lib/armv6-m\libc.a(str_extra.o) (tolower)
C:/Freescale/CW_MCU_v10.6/MCU/ARM_GCC_Support/ewl/lib/armv6-m\libc.a(errno.o)
                              C:/Freescale/CW_MCU_v10.6/MCU/ARM_GCC_Support/ewl/lib/armv6-m\libc.a(atoi.o) (errno)
C:/Freescale/CW_MCU_v10.6/MCU/ARM_GCC_Support/ewl/lib/armv6-m\libc.a(__buffer_io.o)
                              C:/Freescale/CW_MCU_v10.6/MCU/ARM_GCC_Support/ewl/lib/armv6-m\libc.a(str_extra.o) (__flush_buffer)
C:/Freescale/CW_MCU_v10.6/MCU/ARM_GCC_Support/ewl/lib/armv6-m\libc.a(ansi_files.o)
                              C:/Freescale/CW_MCU_v10.6/MCU/ARM_GCC_Support/ewl/lib/armv6-m\libc.a(str_extra.o) (__flush_all)
C:/Freescale/CW_MCU_v10.6/MCU/ARM_GCC_Support/ewl/lib/armv6-m\libc.a(vsscanf.o)
                              C:/Freescale/CW_MCU_v10.6/MCU/ARM_GCC_Support/ewl/lib/armv6-m\libc.a(atoi.o) (__StringRead)
C:/Freescale/CW_MCU_v10.6/MCU/ARM_GCC_Support/ewl/lib/armv6-m\libc.a(__strtoul.o)
                              C:/Freescale/CW_MCU_v10.6/MCU/ARM_GCC_Support/ewl/lib/armv6-m\libc.a(atoi.o) (__strtoul)
C:/Freescale/CW_MCU_v10.6/MCU/ARM_GCC_Support/ewl/lib/armv6-m\libc.a(alloc.o)
                              C:/Freescale/CW_MCU_v10.6/MCU/ARM_GCC_Support/ewl/lib/armv6-m\libc.a(str_extra.o) (malloc)
C:/Freescale/CW_MCU_v10.6/MCU/ARM_GCC_Support/ewl/lib/armv6-m\libc.a(__filll_mem.o)
                              C:/Freescale/CW_MCU_v10.6/MCU/ARM_GCC_Support/ewl/lib/armv6-m\libc.a(memset.o) (__fill_mem)
C:/Freescale/CW_MCU_v10.6/MCU/ARM_GCC_Support/ewl/lib/armv6-m\libc.a(memcpy.o)
                              C:/Freescale/CW_MCU_v10.6/MCU/ARM_GCC_Support/ewl/lib/armv6-m\libc.a(alloc.o) (memcpy)
C:/Freescale/CW_MCU_v10.6/MCU/ARM_GCC_Support/ewl/lib/armv6-m\libc.a(strlen.o)
                              C:/Freescale/CW_MCU_v10.6/MCU/ARM_GCC_Support/ewl/lib/armv6-m\libc.a(str_extra.o) (strlen)
C:/Freescale/CW_MCU_v10.6/MCU/ARM_GCC_Support/ewl/lib/armv6-m\libc.a(scanformat_.o)
                              C:/Freescale/CW_MCU_v10.6/MCU/ARM_GCC_Support/ewl/lib/armv6-m\libc.a(vsscanf.o) (__sformatter)
c:/freescale/cw_mcu_v10.6/cross_tools/arm-none-eabi-gcc-4_7_3/bin/../lib/gcc/arm-none-eabi/4.7.3/armv6-m\libgcc.a(_thumb1_case_sqi.o)
                              C:/Freescale/CW_MCU_v10.6/MCU/ARM_GCC_Support/ewl/lib/armv6-m\libc.a(__strtoul.o) (__gnu_thumb1_case_sqi)
c:/freescale/cw_mcu_v10.6/cross_tools/arm-none-eabi-gcc-4_7_3/bin/../lib/gcc/arm-none-eabi/4.7.3/armv6-m\libgcc.a(_thumb1_case_uqi.o)
                              C:/Freescale/CW_MCU_v10.6/MCU/ARM_GCC_Support/ewl/lib/armv6-m\libc.a(scanformat_.o) (__gnu_thumb1_case_uqi)
c:/freescale/cw_mcu_v10.6/cross_tools/arm-none-eabi-gcc-4_7_3/bin/../lib/gcc/arm-none-eabi/4.7.3/armv6-m\libgcc.a(_udivsi3.o)
                              C:/Freescale/CW_MCU_v10.6/MCU/ARM_GCC_Support/ewl/lib/armv6-m\libc.a(__strtoul.o) (__aeabi_uidiv)
c:/freescale/cw_mcu_v10.6/cross_tools/arm-none-eabi-gcc-4_7_3/bin/../lib/gcc/arm-none-eabi/4.7.3/armv6-m\libgcc.a(_divsi3.o)
                              C:/Freescale/CW_MCU_v10.6/MCU/ARM_GCC_Support/ewl/lib/armv6-m\libc.a(str_extra.o) (__aeabi_idiv)
c:/freescale/cw_mcu_v10.6/cross_tools/arm-none-eabi-gcc-4_7_3/bin/../lib/gcc/arm-none-eabi/4.7.3/armv6-m\libgcc.a(_dvmd_tls.o)
                              c:/freescale/cw_mcu_v10.6/cross_tools/arm-none-eabi-gcc-4_7_3/bin/../lib/gcc/arm-none-eabi/4.7.3/armv6-m\libgcc.a(_udivsi3.o) (__aeabi_idiv0)
c:/freescale/cw_mcu_v10.6/cross_tools/arm-none-eabi-gcc-4_7_3/bin/../lib/gcc/arm-none-eabi/4.7.3/armv6-m\libgcc.a(_arm_cmpsf2.o)
                              ./Generated_Code/PwmLdd1.o (__aeabi_fcmpgt)
c:/freescale/cw_mcu_v10.6/cross_tools/arm-none-eabi-gcc-4_7_3/bin/../lib/gcc/arm-none-eabi/4.7.3/armv6-m\libgcc.a(_fixunssfsi.o)
                              ./Generated_Code/PwmLdd1.o (__aeabi_f2uiz)
[...]
Memory Configuration

Name             Origin             Length             Attributes
m_interrupts     0x00000000         0x000000c0         xr
m_text           0x00000410         0x0001fbf0         xr
m_data           0x1ffff000         0x00004000         rw
m_cfmprotrom     0x00000400         0x00000010         xr
*default*        0x00000000         0xffffffff

Linker script and memory map

LOAD ./Generated_Code/WAIT1.o
LOAD ./Generated_Code/Vectors.o
LOAD ./Generated_Code/TU1.o
LOAD ./Generated_Code/SM1.o
LOAD ./Generated_Code/SCEpin1.o
LOAD ./Generated_Code/RESpin1.o
LOAD ./Generated_Code/PwmLdd1.o
LOAD ./Generated_Code/PWM1.o
LOAD ./Generated_Code/PE_LDD.o
LOAD ./Generated_Code/PDC1.o
LOAD ./Generated_Code/MCUC1.o
LOAD ./Generated_Code/LT.o
LOAD ./Generated_Code/D_Cpin1.o
LOAD ./Generated_Code/Cpu.o
LOAD ./Generated_Code/BitIoLdd3.o
LOAD ./Generated_Code/BitIoLdd2.o
LOAD ./Generated_Code/BitIoLdd1.o
LOAD ./Generated_Code/Bit2.o
LOAD ./Generated_Code/Bit1.o
LOAD ./Generated_Code/ASerialLdd1.o
LOAD ./Generated_Code/AS1.o
LOAD ./Project_Settings/Startup_Code/__arm_start.o
LOAD ./Project_Settings/Startup_Code/__arm_end.o
LOAD ./Sources/main.o
LOAD ./Sources/Events.o
START GROUP
LOAD C:/Freescale/CW_MCU_v10.6/MCU/ARM_GCC_Support/ewl/lib/armv6-m\libc.a
LOAD C:/Freescale/CW_MCU_v10.6/MCU/ARM_GCC_Support/ewl/lib/armv6-m\libm.a
LOAD c:/freescale/cw_mcu_v10.6/cross_tools/arm-none-eabi-gcc-4_7_3/bin/../lib/gcc/arm-none-eabi/4.7.3/armv6-m\libgcc.a
LOAD C:/Freescale/CW_MCU_v10.6/MCU/ARM_GCC_Support/ewl/lib/armv6-m\librt.a
END GROUP
                0x20003000                _estack = 0x20003000
                0x20003000                __SP_INIT = _estack
                0x00000000                __heap_size = 0x0
                0x00000400                __stack_size = 0x400

.interrupts     0x00000000       0xc0
                0x00000000                __vector_table = .
                0x00000000                . = ALIGN (0x4)
 *(.vectortable)
 .vectortable   0x00000000       0xc0 ./Generated_Code/Vectors.o
                0x00000000                __vect_table
                0x000000c0                . = ALIGN (0x4)

.cfmprotect     0x00000400       0x10
                0x00000400                . = ALIGN (0x4)
 *(.cfmconfig)
 .cfmconfig     0x00000400       0x10 ./Generated_Code/Cpu.o
                0x00000400                _cfm
                0x00000410                . = ALIGN (0x4)

.text           0x00000410     0x2ee8
                0x00000410                . = ALIGN (0x4)
 *(.text)
 .text          0x00000410       0x14 c:/freescale/cw_mcu_v10.6/cross_tools/arm-none-eabi-gcc-4_7_3/bin/../lib/gcc/arm-none-eabi/4.7.3/armv6-m\libgcc.a(_thumb1_case_sqi.o)
                0x00000410                __gnu_thumb1_case_sqi
 .text          0x00000424       0x9c c:/freescale/cw_mcu_v10.6/cross_tools/arm-none-eabi-gcc-4_7_3/bin/../lib/gcc/arm-none-eabi/4.7.3/armv6-m\libgcc.a(_udivsi3.o)
                0x00000424                __aeabi_uidiv
                0x00000424                __udivsi3
                0x000004ac                __aeabi_uidivmod
 .text          0x000004c0       0xc0 c:/freescale/cw_mcu_v10.6/cross_tools/arm-none-eabi-gcc-4_7_3/bin/../lib/gcc/arm-none-eabi/4.7.3/armv6-m\libgcc.a(_divsi3.o)
                0x000004c0                __divsi3
                0x000004c0                __aeabi_idiv
                0x0000056c                __aeabi_idivmod
 .text          0x00000580        0x4 c:/freescale/cw_mcu_v10.6/cross_tools/arm-none-eabi-gcc-4_7_3/bin/../lib/gcc/arm-none-eabi/4.7.3/armv6-m\libgcc.a(_dvmd_tls.o)
                0x00000580                __aeabi_idiv0
                0x00000580                __aeabi_ldiv0
 .text          0x00000584       0x74 c:/freescale/cw_mcu_v10.6/cross_tools/arm-none-eabi-gcc-4_7_3/bin/../lib/gcc/arm-none-eabi/4.7.3/armv6-m\libgcc.a(_arm_cmpsf2.o)
                0x00000584                __aeabi_cfrcmple
                0x0000058c                __aeabi_cfcmpeq
                0x0000058c                __aeabi_cfcmple
                0x0000059c                __aeabi_fcmpeq
                0x000005a8                __aeabi_fcmplt
                0x000005bc                __aeabi_fcmple
                0x000005d0                __aeabi_fcmpgt
                0x000005e4                __aeabi_fcmpge
 .text          0x000005f8       0x30 c:/freescale/cw_mcu_v10.6/cross_tools/arm-none-eabi-gcc-4_7_3/bin/../lib/gcc/arm-none-eabi/4.7.3/armv6-m\libgcc.a(_fixunssfsi.o)
                0x000005f8                __fixunssfsi
                0x000005f8                __aeabi_f2uiz
 .text          0x00000628       0x50 c:/freescale/cw_mcu_v10.6/cross_tools/arm-none-eabi-gcc-4_7_3/bin/../lib/gcc/arm-none-eabi/4.7.3/armv6-m\libgcc.a(eqsf2.o)
                0x00000628                __eqsf2
                0x00000628                __nesf2
 .text          0x00000678       0x90 c:/freescale/cw_mcu_v10.6/cross_tools/arm-none-eabi-gcc-4_7_3/bin/../lib/gcc/arm-none-eabi/4.7.3/armv6-m\libgcc.a(gesf2.o)
                0x00000678                __gesf2
                0x00000678                __gtsf2
 .text          0x00000708       0x90 c:/freescale/cw_mcu_v10.6/cross_tools/arm-none-eabi-gcc-4_7_3/bin/../lib/gcc/arm-none-eabi/4.7.3/armv6-m\libgcc.a(lesf2.o)
                0x00000708                __ltsf2
                0x00000708                __lesf2
 .text          0x00000798      0x260 c:/freescale/cw_mcu_v10.6/cross_tools/arm-none-eabi-gcc-4_7_3/bin/../lib/gcc/arm-none-eabi/4.7.3/armv6-m\libgcc.a(mulsf3.o)
                0x00000798                __aeabi_fmul
 .text          0x000009f8      0x3ac c:/freescale/cw_mcu_v10.6/cross_tools/arm-none-eabi-gcc-4_7_3/bin/../lib/gcc/arm-none-eabi/4.7.3/armv6-m\libgcc.a(subsf3.o)
                0x000009f8                __aeabi_fsub
 .text          0x00000da4       0x40 c:/freescale/cw_mcu_v10.6/cross_tools/arm-none-eabi-gcc-4_7_3/bin/../lib/gcc/arm-none-eabi/4.7.3/armv6-m\libgcc.a(fixsfsi.o)
                0x00000da4                __aeabi_f2iz
 .text          0x00000de4       0xa8 c:/freescale/cw_mcu_v10.6/cross_tools/arm-none-eabi-gcc-4_7_3/bin/../lib/gcc/arm-none-eabi/4.7.3/armv6-m\libgcc.a(floatsisf.o)
                0x00000de4                __aeabi_i2f
 .text          0x00000e8c       0x3c c:/freescale/cw_mcu_v10.6/cross_tools/arm-none-eabi-gcc-4_7_3/bin/../lib/gcc/arm-none-eabi/4.7.3/armv6-m\libgcc.a(_clzsi2.o)
                0x00000e8c                __clzsi2
 *(.text*)
 .text.WAIT1_Wait10Cycles
                0x00000ec8        0x8 ./Generated_Code/WAIT1.o
                0x00000ec8                WAIT1_Wait10Cycles
 .text.WAIT1_Wait100Cycles
                0x00000ed0       0x24 ./Generated_Code/WAIT1.o
                0x00000ed0                WAIT1_Wait100Cycles
 .text.WAIT1_WaitCycles
                0x00000ef4       0x44 ./Generated_Code/WAIT1.o
                0x00000ef4                WAIT1_WaitCycles
 .text.WAIT1_WaitLongCycles
                0x00000f38       0x3c ./Generated_Code/WAIT1.o
                0x00000f38                WAIT1_WaitLongCycles
 .text.WAIT1_Waitms
                0x00000f74       0x38 ./Generated_Code/WAIT1.o
                0x00000f74                WAIT1_Waitms
 .text.WAIT1_Init
                0x00000fac        0x8 ./Generated_Code/WAIT1.o
                0x00000fac                WAIT1_Init
 .text.TU1_Init
                0x00000fb4       0xc8 ./Generated_Code/TU1.o
                0x00000fb4                TU1_Init
 .text.TU1_GetPeriodTicks
                0x0000107c       0x3c ./Generated_Code/TU1.o
                0x0000107c                TU1_GetPeriodTicks
 .text.TU1_SetOffsetTicks
                0x000010b8       0x58 ./Generated_Code/TU1.o
                0x000010b8                TU1_SetOffsetTicks
 .text.SM1_Init
                0x00001110      0x100 ./Generated_Code/SM1.o
                0x00001110                SM1_Init
 .text.SM1_ReceiveBlock
                0x00001210       0xb0 ./Generated_Code/SM1.o
                0x00001210                SM1_ReceiveBlock
 .text.SM1_SendBlock
                0x000012c0       0x9c ./Generated_Code/SM1.o
                0x000012c0                SM1_SendBlock
 .text.SM1_Interrupt
                0x0000135c       0xd4 ./Generated_Code/SM1.o
                0x0000135c                SM1_Interrupt
 .text.SCEpin1_Init
                0x00001430       0x68 ./Generated_Code/SCEpin1.o
                0x00001430                SCEpin1_Init
 .text.SCEpin1_ClrVal
                0x00001498       0x1c ./Generated_Code/SCEpin1.o
                0x00001498                SCEpin1_ClrVal
 .text.SCEpin1_SetVal
                0x000014b4       0x1c ./Generated_Code/SCEpin1.o
                0x000014b4                SCEpin1_SetVal
 .text.RESpin1_Init
                0x000014d0       0x60 ./Generated_Code/RESpin1.o
                0x000014d0                RESpin1_Init
 .text.RESpin1_ClrVal
                0x00001530       0x18 ./Generated_Code/RESpin1.o
                0x00001530                RESpin1_ClrVal
 .text.RESpin1_SetVal
                0x00001548       0x18 ./Generated_Code/RESpin1.o
                0x00001548                RESpin1_SetVal
 .text.PwmLdd1_Init
                0x00001560       0x58 ./Generated_Code/PwmLdd1.o
                0x00001560                PwmLdd1_Init
 .text.PwmLdd1_SetDutyMS
                0x000015b8       0x78 ./Generated_Code/PwmLdd1.o
                0x000015b8                PwmLdd1_SetDutyMS
 .text.SetRatio
                0x00001630       0x68 ./Generated_Code/PwmLdd1.o
 .text.WriteCmd
                0x00001698       0x84 ./Generated_Code/PDC1.o
 .text.WriteData
                0x0000171c       0x84 ./Generated_Code/PDC1.o
 .text.PDC1_SetPos
                0x000017a0       0x4c ./Generated_Code/PDC1.o
                0x000017a0                PDC1_SetPos
 .text.PDC1_Clear
                0x000017ec       0x38 ./Generated_Code/PDC1.o
                0x000017ec                PDC1_Clear
 .text.PDC1_ClearLine
                0x00001824       0x50 ./Generated_Code/PDC1.o
                0x00001824                PDC1_ClearLine
 .text.PDC1_Init
                0x00001874       0xb0 ./Generated_Code/PDC1.o
                0x00001874                PDC1_Init
 .text.PDC1_WriteChar
                0x00001924       0x8c ./Generated_Code/PDC1.o
                0x00001924                PDC1_WriteChar
 .text.PDC1_WriteLineStr
                0x000019b0       0x74 ./Generated_Code/PDC1.o
                0x000019b0                PDC1_WriteLineStr
 .text.PDC1_SetContrast
                0x00001a24       0x3c ./Generated_Code/PDC1.o
                0x00001a24                PDC1_SetContrast
 .text.SM1_OnBlockReceived
                0x00001a60       0x18 ./Generated_Code/PDC1.o
                0x00001a60                SM1_OnBlockReceived
 .text.D_Cpin1_Init
                0x00001a78       0x68 ./Generated_Code/D_Cpin1.o
                0x00001a78                D_Cpin1_Init
 .text.D_Cpin1_ClrVal
                0x00001ae0       0x1c ./Generated_Code/D_Cpin1.o
                0x00001ae0                D_Cpin1_ClrVal
 .text.D_Cpin1_SetVal
                0x00001afc       0x1c ./Generated_Code/D_Cpin1.o
                0x00001afc                D_Cpin1_SetVal
 .text.Cpu_INT_NMIInterrupt
                0x00001b18        0xc ./Generated_Code/Cpu.o
                0x00001b18                Cpu_INT_NMIInterrupt
 .text.Cpu_Interrupt
                0x00001b24        0xc ./Generated_Code/Cpu.o
                0x00001b24                Cpu_Interrupt
 .text.__init_hardware
                0x00001b30      0x110 ./Generated_Code/Cpu.o
                0x00001b30                __init_hardware
 .text.PE_low_level_init
                0x00001c40       0xf4 ./Generated_Code/Cpu.o
                0x00001c40                PE_low_level_init
 .text.BitIoLdd3_Init
                0x00001d34       0x68 ./Generated_Code/BitIoLdd3.o
                0x00001d34                BitIoLdd3_Init
 .text.BitIoLdd3_PutVal
                0x00001d9c       0x34 ./Generated_Code/BitIoLdd3.o
                0x00001d9c                BitIoLdd3_PutVal
 .text.BitIoLdd2_Init
                0x00001dd0       0x68 ./Generated_Code/BitIoLdd2.o
                0x00001dd0                BitIoLdd2_Init
 .text.BitIoLdd2_PutVal
                0x00001e38       0x34 ./Generated_Code/BitIoLdd2.o
                0x00001e38                BitIoLdd2_PutVal
 .text.BitIoLdd1_Init
                0x00001e6c       0x60 ./Generated_Code/BitIoLdd1.o
                0x00001e6c                BitIoLdd1_Init
 .text.ASerialLdd1_Init
                0x00001ecc      0x1c4 ./Generated_Code/ASerialLdd1.o
                0x00001ecc                ASerialLdd1_Init
 .text.ASerialLdd1_ReceiveBlock
                0x00002090       0x98 ./Generated_Code/ASerialLdd1.o
                0x00002090                ASerialLdd1_ReceiveBlock
 .text.InterruptRx
                0x00002128       0x58 ./Generated_Code/ASerialLdd1.o
 .text.InterruptTx
                0x00002180       0x80 ./Generated_Code/ASerialLdd1.o
 .text.ASerialLdd1_Interrupt
                0x00002200       0xfc ./Generated_Code/ASerialLdd1.o
                0x00002200                ASerialLdd1_Interrupt
 .text.ASerialLdd1_GetError
                0x000022fc       0x74 ./Generated_Code/ASerialLdd1.o
                0x000022fc                ASerialLdd1_GetError
 .text.HWEnDi   0x00002370       0x20 ./Generated_Code/AS1.o
 .text.AS1_RecvChar
                0x00002390       0xbc ./Generated_Code/AS1.o
                0x00002390                AS1_RecvChar
 .text.AS1_Init
                0x0000244c       0x28 ./Generated_Code/AS1.o
                0x0000244c                AS1_Init
 .text.ASerialLdd1_OnBlockReceived
                0x00002474       0x6c ./Generated_Code/AS1.o
                0x00002474                ASerialLdd1_OnBlockReceived
 .text.ASerialLdd1_OnBlockSent
                0x000024e0       0x28 ./Generated_Code/AS1.o
                0x000024e0                ASerialLdd1_OnBlockSent
 .text.ASerialLdd1_OnError
                0x00002508       0x94 ./Generated_Code/AS1.o
                0x00002508                ASerialLdd1_OnError
 .text.ASerialLdd1_OnBreak
                0x0000259c       0x20 ./Generated_Code/AS1.o
                0x0000259c                ASerialLdd1_OnBreak
 .text.zero_fill_bss
                0x000025bc       0x24 ./Project_Settings/Startup_Code/__arm_start.o
 .text.__thumb_startup
                0x000025e0       0x30 ./Project_Settings/Startup_Code/__arm_start.o
                0x000025e0                __thumb_startup
 .text._ExitProcess
                0x00002610        0xc ./Project_Settings/Startup_Code/__arm_end.o
                0x00002610                _ExitProcess
 .text.itoa     0x0000261c       0x28 ./Sources/main.o
                0x0000261c                itoa
 .text.setSpeed
                0x00002644       0x30 ./Sources/main.o
                0x00002644                setSpeed
 .text.delay    0x00002674       0x30 ./Sources/main.o
                0x00002674                delay
 .text.main     0x000026a4      0x238 ./Sources/main.o
                0x000026a4                main
 .text.AS1_OnError
                0x000028dc        0x8 ./Sources/Events.o
                0x000028dc                AS1_OnError
 .text.AS1_OnRxChar
                0x000028e4      0x114 ./Sources/Events.o
                0x000028e4                AS1_OnRxChar
 .text.Cpu_OnNMIINT
                0x000029f8        0x8 ./Sources/Events.o
                0x000029f8                Cpu_OnNMIINT
 .text.strtol   0x00002a00       0x70 C:/Freescale/CW_MCU_v10.6/MCU/ARM_GCC_Support/ewl/lib/armv6-m\libc.a(atoi.o)
                0x00002a00                strtol
 .text.atoi     0x00002a70        0xc C:/Freescale/CW_MCU_v10.6/MCU/ARM_GCC_Support/ewl/lib/armv6-m\libc.a(atoi.o)
                0x00002a70                atoi
 .text.exit     0x00002a7c       0x38 C:/Freescale/CW_MCU_v10.6/MCU/ARM_GCC_Support/ewl/lib/armv6-m\libc.a(exit.o)
                0x00002a7c                exit
 .text.memset   0x00002ab4        0xc C:/Freescale/CW_MCU_v10.6/MCU/ARM_GCC_Support/ewl/lib/armv6-m\libc.a(memset.o)
                0x00002ab4                memset
 .text.strcmp   0x00002ac0       0x1c C:/Freescale/CW_MCU_v10.6/MCU/ARM_GCC_Support/ewl/lib/armv6-m\libc.a(strcmp.o)
                0x00002ac0                strcmp
 .text.strcpy   0x00002adc       0x10 C:/Freescale/CW_MCU_v10.6/MCU/ARM_GCC_Support/ewl/lib/armv6-m\libc.a(strcpy.o)
                0x00002adc                strcpy
 .text.__ewl_strrev
                0x00002aec       0x24 C:/Freescale/CW_MCU_v10.6/MCU/ARM_GCC_Support/ewl/lib/armv6-m\libc.a(str_extra.o)
                0x00002aec                __ewl_strrev
 .text.__ewl_itoa
                0x00002b10       0x64 C:/Freescale/CW_MCU_v10.6/MCU/ARM_GCC_Support/ewl/lib/armv6-m\libc.a(str_extra.o)
                0x00002b10                __ewl_itoa
 .text.isalpha  0x00002b74       0x20 C:/Freescale/CW_MCU_v10.6/MCU/ARM_GCC_Support/ewl/lib/armv6-m\libc.a(ctype_aeabi.o)
                0x00002b74                isalpha
 .text.isspace  0x00002b94       0x20 C:/Freescale/CW_MCU_v10.6/MCU/ARM_GCC_Support/ewl/lib/armv6-m\libc.a(ctype_aeabi.o)
                0x00002b94                isspace
 .text.toupper  0x00002bb4        0xe C:/Freescale/CW_MCU_v10.6/MCU/ARM_GCC_Support/ewl/lib/armv6-m\libc.a(ctype_aeabi.o)
                0x00002bb4                toupper
 .text.__StringRead
                0x00002bc2       0x3c C:/Freescale/CW_MCU_v10.6/MCU/ARM_GCC_Support/ewl/lib/armv6-m\libc.a(vsscanf.o)
                0x00002bc2                __StringRead
 .text.__strtoul
                0x00002bfe      0x1ce C:/Freescale/CW_MCU_v10.6/MCU/ARM_GCC_Support/ewl/lib/armv6-m\libc.a(__strtoul.o)
                0x00002bfe                __strtoul
 .text.__fill_mem
                0x00002dcc       0x7e C:/Freescale/CW_MCU_v10.6/MCU/ARM_GCC_Support/ewl/lib/armv6-m\libc.a(__filll_mem.o)
                0x00002dcc                __fill_mem
 .text.strlen   0x00002e4a       0x10 C:/Freescale/CW_MCU_v10.6/MCU/ARM_GCC_Support/ewl/lib/armv6-m\libc.a(strlen.o)
                0x00002e4a                strlen
 *fill*         0x00002e5a        0x2 00
 .text.__init_cpp
                0x00002e5c       0x48 C:/Freescale/CW_MCU_v10.6/MCU/ARM_GCC_Support/ewl/lib/armv6-m\librt.a(gcc_ctor_dtor.o)
                0x00002e5c                __init_cpp
 .text.__fini_cpp
                0x00002ea4       0x34 C:/Freescale/CW_MCU_v10.6/MCU/ARM_GCC_Support/ewl/lib/armv6-m\librt.a(gcc_ctor_dtor.o)
                0x00002ea4                __fini_cpp
 .text.__copy_rom_section
                0x00002ed8       0x48 C:/Freescale/CW_MCU_v10.6/MCU/ARM_GCC_Support/ewl/lib/armv6-m\librt.a(ROMCopy.o)
                0x00002ed8                __copy_rom_section
 .text.__copy_rom_sections_to_ram
                0x00002f20       0x34 C:/Freescale/CW_MCU_v10.6/MCU/ARM_GCC_Support/ewl/lib/armv6-m\librt.a(ROMCopy.o)
                0x00002f20                __copy_rom_sections_to_ram
 .text.__destroy_global_chain
                0x00002f54       0x1c C:/Freescale/CW_MCU_v10.6/MCU/ARM_GCC_Support/ewl/lib/armv6-m\librt.a(__arm_eabi_init.o)
                0x00002f54                __destroy_global_chain
 .text.__init_registers
                0x00002f70       0x1c C:/Freescale/CW_MCU_v10.6/MCU/ARM_GCC_Support/ewl/lib/armv6-m\librt.a(__arm_eabi_init.o)
                0x00002f70                __init_registers
 .text.__init_user
                0x00002f8c        0x4 C:/Freescale/CW_MCU_v10.6/MCU/ARM_GCC_Support/ewl/lib/armv6-m\librt.a(__arm_eabi_init.o)
                0x00002f8c                __init_user
 *(.rodata)
 .rodata        0x00002f90       0x38 ./Sources/main.o
 .rodata        0x00002fc8        0x4 ./Sources/Events.o
 .rodata        0x00002fcc       0x40 c:/freescale/cw_mcu_v10.6/cross_tools/arm-none-eabi-gcc-4_7_3/bin/../lib/gcc/arm-none-eabi/4.7.3/armv6-m\libgcc.a(mulsf3.o)
 *(.rodata*)
 .rodata.ChannelDevice
                0x0000300c        0x4 ./Generated_Code/TU1.o
 .rodata.ChannelMode
                0x00003010        0x4 ./Generated_Code/TU1.o
 .rodata.table  0x00003014      0x1e0 ./Generated_Code/PDC1.o
 .rodata.__aeabi_ctype_table_C
                0x000031f4      0x101 C:/Freescale/CW_MCU_v10.6/MCU/ARM_GCC_Support/ewl/lib/armv6-m\libc.a(ctype_aeabi.o)
                0x000031f4                __aeabi_ctype_table_C
 *(.glue_7)
 .glue_7        0x00000000        0x0 linker stubs
 *(.glue_7t)
 .glue_7t       0x00000000        0x0 linker stubs
 *(.eh_frame)
 *(.init)
 *(.fini)
                0x000032f8                . = ALIGN (0x4)
 *fill*         0x000032f5        0x3 00
                0x000032f8                _etext = .

.vfp11_veneer   0x000032f8        0x0
 .vfp11_veneer  0x00000000        0x0 linker stubs

.v4_bx          0x000032f8        0x0
 .v4_bx         0x00000000        0x0 linker stubs

.iplt           0x000032f8        0x0
 .iplt          0x00000000        0x0 ./Generated_Code/WAIT1.o

.rel.dyn        0x000032f8        0x0
 .rel.iplt      0x00000000        0x0 ./Generated_Code/WAIT1.o

.ARM.extab
 *(.ARM.extab* .gnu.linkonce.armextab.*)

.ARM            0x000032f8        0x0
                0x000032f8                __exidx_start = .
 *(.ARM.exidx*)
                0x000032f8                __exidx_end = .

.ctors          0x000032f8        0x0
                0x000032f8                __CTOR_LIST__ = .
 *crtbegin.o(.ctors)
 *(EXCLUDE_FILE(*crtend.o) .ctors)
 *(SORT(.ctors.*))
 *(.ctors)
                0x000032f8                __CTOR_END__ = .

.dtors          0x000032f8        0x0
                0x000032f8                __DTOR_LIST__ = .
 *crtbegin.o(.dtors)
 *(EXCLUDE_FILE(*crtend.o) .dtors)
 *(SORT(.dtors.*))
 *(.dtors)
                0x000032f8                __DTOR_END__ = .

.preinit_array  0x000032f8        0x0
                0x000032f8                PROVIDE (__preinit_array_start, .)
 *(.preinit_array*)
                0x000032f8                PROVIDE (__preinit_array_end, .)

.init_array     0x000032f8        0x0
                0x000032f8                PROVIDE (__init_array_start, .)
 *(SORT(.init_array.*))
 *(.init_array*)
                0x000032f8                PROVIDE (__init_array_end, .)

.fini_array     0x000032f8        0x0
                0x000032f8                PROVIDE (__fini_array_start, .)
 *(SORT(.fini_array.*))
 *(.fini_array*)
                0x000032f8                PROVIDE (__fini_array_end, .)
                0x000032f8                ___ROM_AT = .

.mtb            0x1ffff000        0x0
                0x1ffff000                . = ALIGN (0x8)
                0x1ffff000                _mtb_start = .
 *(.mtb_buf)
                0x1ffff000                . = ALIGN (0x8)
                0x1ffff000                _mtb_end = .

.data           0x1ffff000        0x0 load address 0x000032f8
                0x1ffff000                . = ALIGN (0x4)
                0x1ffff000                _sdata = .
 *(.data)
 *(.data*)
                0x1ffff000                . = ALIGN (0x4)
                0x1ffff000                _edata = .
                0x00000000                ___data_size = (_edata - _sdata)

.igot.plt       0x1ffff000        0x0
 .igot.plt      0x00000000        0x0 ./Generated_Code/WAIT1.o
                0x1ffff000                . = ALIGN (0x4)

.bss            0x1ffff000      0x12c
                0x1ffff000                __START_BSS = .
                0x1ffff000                PROVIDE (__bss_start__, __START_BSS)
 *(.bss)
 *(.bss*)
 .bss.DeviceDataPrv__DEFAULT_RTOS_ALLOC
                0x1ffff000        0xc ./Generated_Code/TU1.o
 .bss.DeviceDataPrv__DEFAULT_RTOS_ALLOC
                0x1ffff00c       0x1c ./Generated_Code/SM1.o
 .bss.INT_SPI0__DEFAULT_RTOS_ISRPARAM
                0x1ffff028        0x4 ./Generated_Code/SM1.o
 .bss.DeviceDataPrv__DEFAULT_RTOS_ALLOC
                0x1ffff02c        0x4 ./Generated_Code/SCEpin1.o
 .bss.DeviceDataPrv__DEFAULT_RTOS_ALLOC
                0x1ffff030        0x4 ./Generated_Code/RESpin1.o
 .bss.DeviceDataPrv__DEFAULT_RTOS_ALLOC
                0x1ffff034        0xc ./Generated_Code/PwmLdd1.o
 .bss.PE_LDD_DeviceDataList
                0x1ffff040       0x28 ./Generated_Code/PE_LDD.o
                0x1ffff040                PE_LDD_DeviceDataList
 .bss.RES_DeviceData
                0x1ffff068        0x4 ./Generated_Code/PDC1.o
 .bss.SCE_DeviceData
                0x1ffff06c        0x4 ./Generated_Code/PDC1.o
 .bss.D_C_DeviceData
                0x1ffff070        0x4 ./Generated_Code/PDC1.o
 .bss.PDC1_DataReceivedFlag
                0x1ffff074        0x1 ./Generated_Code/PDC1.o
 *fill*         0x1ffff075        0x3 00
 .bss.DeviceDataPrv__DEFAULT_RTOS_ALLOC
                0x1ffff078        0x4 ./Generated_Code/D_Cpin1.o
 .bss.SR_lock   0x1ffff07c        0x1 ./Generated_Code/Cpu.o
                0x1ffff07c                SR_lock
 *fill*         0x1ffff07d        0x3 00
 .bss.DeviceDataPrv__DEFAULT_RTOS_ALLOC
                0x1ffff080        0x4 ./Generated_Code/BitIoLdd3.o
 .bss.DeviceDataPrv__DEFAULT_RTOS_ALLOC
                0x1ffff084        0x4 ./Generated_Code/BitIoLdd2.o
 .bss.DeviceDataPrv__DEFAULT_RTOS_ALLOC
                0x1ffff088        0x4 ./Generated_Code/BitIoLdd1.o
 .bss.DeviceDataPrv__DEFAULT_RTOS_ALLOC
                0x1ffff08c       0x20 ./Generated_Code/ASerialLdd1.o
 .bss.INT_UART0__DEFAULT_RTOS_ISRPARAM
                0x1ffff0ac        0x4 ./Generated_Code/ASerialLdd1.o
 .bss.SerFlag   0x1ffff0b0        0x2 ./Generated_Code/AS1.o
 .bss.BufferRead
                0x1ffff0b2        0x1 ./Generated_Code/AS1.o
 *fill*         0x1ffff0b3        0x1 00
 .bss.argv      0x1ffff0b4        0x4 ./Project_Settings/Startup_Code/__arm_start.o
 .bss.blue      0x1ffff0b8        0x4 ./Sources/main.o
                0x1ffff0b8                blue
 .bss.flag_leitura
                0x1ffff0bc        0x4 ./Sources/main.o
                0x1ffff0bc                flag_leitura
 .bss.lastBlue  0x1ffff0c0        0x4 ./Sources/main.o
                0x1ffff0c0                lastBlue
 .bss.cnt       0x1ffff0c4        0x4 ./Sources/Events.o
                0x1ffff0c4                cnt
 .bss.flag_ReadNumber
                0x1ffff0c8        0x4 ./Sources/Events.o
                0x1ffff0c8                flag_ReadNumber
 .bss.__stdio_exit
                0x1ffff0cc        0x4 C:/Freescale/CW_MCU_v10.6/MCU/ARM_GCC_Support/ewl/lib/armv6-m\libc.a(exit.o)
                0x1ffff0cc                __stdio_exit
 .bss.__console_exit
                0x1ffff0d0        0x4 C:/Freescale/CW_MCU_v10.6/MCU/ARM_GCC_Support/ewl/lib/armv6-m\libc.a(exit.o)
                0x1ffff0d0                __console_exit
 .bss.__S_romp  0x1ffff0d4        0xc C:/Freescale/CW_MCU_v10.6/MCU/ARM_GCC_Support/ewl/lib/armv6-m\librt.a(ROMCopy.o)
 .bss.__global_destructor_chain
                0x1ffff0e0        0x4 C:/Freescale/CW_MCU_v10.6/MCU/ARM_GCC_Support/ewl/lib/armv6-m\librt.a(__arm_eabi_init.o)
                0x1ffff0e0                __global_destructor_chain
 *(COMMON)
 COMMON         0x1ffff0e4        0x1 ./Generated_Code/Cpu.o
                0x1ffff0e4                SR_reg
 *fill*         0x1ffff0e5        0x3 00
 COMMON         0x1ffff0e8        0x4 ./Generated_Code/AS1.o
                0x1ffff0e8                ASerialLdd1_DeviceDataPtr
 COMMON         0x1ffff0ec       0x28 ./Sources/main.o
                0x1ffff0ec                buffer
                0x1ffff100                blueChar
 COMMON         0x1ffff114       0x14 ./Sources/Events.o
                0x1ffff114                bufferAux
 COMMON         0x1ffff128        0x4 C:/Freescale/CW_MCU_v10.6/MCU/ARM_GCC_Support/ewl/lib/armv6-m\libc.a(errno.o)
                0x1ffff128                errno
                0x1ffff12c                . = ALIGN (0x4)
                0x1ffff12c                __END_BSS = .
                0x1ffff12c                PROVIDE (__bss_end__, __END_BSS)
                0x000032f8                _romp_at = (___ROM_AT + SIZEOF (.data))

.romp           0x1ffff12c       0x18 load address 0x000032f8
                0x000032f8                __S_romp = _romp_at
                0x1ffff12c        0x4 LONG 0x32f8 ___ROM_AT
                0x1ffff130        0x4 LONG 0x1ffff000 _sdata
                0x1ffff134        0x4 LONG 0x0 ___data_size
                0x1ffff138        0x4 LONG 0x0
                0x1ffff13c        0x4 LONG 0x0
                0x1ffff140        0x4 LONG 0x0

._user_heap_stack
                0x1ffff144      0x400 load address 0x00003310
                0x1ffff144                . = ALIGN (0x4)
                0x1ffff144                PROVIDE (end, .)
                0x1ffff144                PROVIDE (_end, .)
                0x1ffff144                __heap_addr = .
                0x1ffff144                . = (. + __heap_size)
                0x1ffff544                . = (. + __stack_size)
 *fill*         0x1ffff144      0x400 00
                0x1ffff544                . = ALIGN (0x4)

.ARM.attributes
                0x00000000       0x31
 *(.ARM.attributes)
 .ARM.attributes
                0x00000000       0x31 ./Generated_Code/WAIT1.o
 .ARM.attributes
                0x00000031       0x31 ./Generated_Code/Vectors.o
 .ARM.attributes
                0x00000062       0x31 ./Generated_Code/TU1.o
 .ARM.attributes
                0x00000093       0x31 ./Generated_Code/SM1.o
 .ARM.attributes
                0x000000c4       0x31 ./Generated_Code/SCEpin1.o
 .ARM.attributes
                0x000000f5       0x31 ./Generated_Code/RESpin1.o
 .ARM.attributes
                0x00000126       0x31 ./Generated_Code/PwmLdd1.o
 .ARM.attributes
                0x00000157       0x31 ./Generated_Code/PE_LDD.o
 .ARM.attributes
                0x00000188       0x31 ./Generated_Code/PDC1.o
 .ARM.attributes
                0x000001b9       0x31 ./Generated_Code/D_Cpin1.o
 .ARM.attributes
                0x000001ea       0x31 ./Generated_Code/Cpu.o
 .ARM.attributes
                0x0000021b       0x31 ./Generated_Code/BitIoLdd3.o
 .ARM.attributes
                0x0000024c       0x31 ./Generated_Code/BitIoLdd2.o
 .ARM.attributes
                0x0000027d       0x31 ./Generated_Code/BitIoLdd1.o
 .ARM.attributes
                0x000002ae       0x31 ./Generated_Code/ASerialLdd1.o
 .ARM.attributes
                0x000002df       0x31 ./Generated_Code/AS1.o
 .ARM.attributes
                0x00000310       0x31 ./Project_Settings/Startup_Code/__arm_start.o
 .ARM.attributes
                0x00000341       0x31 ./Project_Settings/Startup_Code/__arm_end.o
 .ARM.attributes
                0x00000372       0x31 ./Sources/main.o
 .ARM.attributes
                0x000003a3       0x31 ./Sources/Events.o
 .ARM.attributes
                0x000003d4       0x31 C:/Freescale/CW_MCU_v10.6/MCU/ARM_GCC_Support/ewl/lib/armv6-m\libc.a(atoi.o)
 .ARM.attributes
                0x00000405       0x31 C:/Freescale/CW_MCU_v10.6/MCU/ARM_GCC_Support/ewl/lib/armv6-m\libc.a(exit.o)
 .ARM.attributes
                0x00000436       0x31 C:/Freescale/CW_MCU_v10.6/MCU/ARM_GCC_Support/ewl/lib/armv6-m\libc.a(memset.o)
 .ARM.attributes
                0x00000467       0x31 C:/Freescale/CW_MCU_v10.6/MCU/ARM_GCC_Support/ewl/lib/armv6-m\libc.a(strcmp.o)
 .ARM.attributes
                0x00000498       0x31 C:/Freescale/CW_MCU_v10.6/MCU/ARM_GCC_Support/ewl/lib/armv6-m\libc.a(strcpy.o)
 .ARM.attributes
                0x000004c9       0x31 C:/Freescale/CW_MCU_v10.6/MCU/ARM_GCC_Support/ewl/lib/armv6-m\libc.a(str_extra.o)
 .ARM.attributes
                0x000004fa       0x31 C:/Freescale/CW_MCU_v10.6/MCU/ARM_GCC_Support/ewl/lib/armv6-m\libc.a(ctype_aeabi.o)
 .ARM.attributes
                0x0000052b       0x31 C:/Freescale/CW_MCU_v10.6/MCU/ARM_GCC_Support/ewl/lib/armv6-m\libc.a(errno.o)
 .ARM.attributes
                0x0000055c       0x31 C:/Freescale/CW_MCU_v10.6/MCU/ARM_GCC_Support/ewl/lib/armv6-m\libc.a(vsscanf.o)
 .ARM.attributes
                0x0000058d       0x31 C:/Freescale/CW_MCU_v10.6/MCU/ARM_GCC_Support/ewl/lib/armv6-m\libc.a(__strtoul.o)
 .ARM.attributes
                0x000005be       0x31 C:/Freescale/CW_MCU_v10.6/MCU/ARM_GCC_Support/ewl/lib/armv6-m\libc.a(__filll_mem.o)
 .ARM.attributes
                0x000005ef       0x31 C:/Freescale/CW_MCU_v10.6/MCU/ARM_GCC_Support/ewl/lib/armv6-m\libc.a(strlen.o)
 .ARM.attributes
                0x00000620       0x1e c:/freescale/cw_mcu_v10.6/cross_tools/arm-none-eabi-gcc-4_7_3/bin/../lib/gcc/arm-none-eabi/4.7.3/armv6-m\libgcc.a(_thumb1_case_sqi.o)
 .ARM.attributes
                0x0000063e       0x1e c:/freescale/cw_mcu_v10.6/cross_tools/arm-none-eabi-gcc-4_7_3/bin/../lib/gcc/arm-none-eabi/4.7.3/armv6-m\libgcc.a(_udivsi3.o)
 .ARM.attributes
                0x0000065c       0x1e c:/freescale/cw_mcu_v10.6/cross_tools/arm-none-eabi-gcc-4_7_3/bin/../lib/gcc/arm-none-eabi/4.7.3/armv6-m\libgcc.a(_divsi3.o)
 .ARM.attributes
                0x0000067a       0x1e c:/freescale/cw_mcu_v10.6/cross_tools/arm-none-eabi-gcc-4_7_3/bin/../lib/gcc/arm-none-eabi/4.7.3/armv6-m\libgcc.a(_dvmd_tls.o)
 .ARM.attributes
                0x00000698       0x1e c:/freescale/cw_mcu_v10.6/cross_tools/arm-none-eabi-gcc-4_7_3/bin/../lib/gcc/arm-none-eabi/4.7.3/armv6-m\libgcc.a(_arm_cmpsf2.o)
 .ARM.attributes
                0x000006b6       0x2c c:/freescale/cw_mcu_v10.6/cross_tools/arm-none-eabi-gcc-4_7_3/bin/../lib/gcc/arm-none-eabi/4.7.3/armv6-m\libgcc.a(_fixunssfsi.o)
 .ARM.attributes
                0x000006e2       0x2c c:/freescale/cw_mcu_v10.6/cross_tools/arm-none-eabi-gcc-4_7_3/bin/../lib/gcc/arm-none-eabi/4.7.3/armv6-m\libgcc.a(eqsf2.o)
 .ARM.attributes
                0x0000070e       0x2c c:/freescale/cw_mcu_v10.6/cross_tools/arm-none-eabi-gcc-4_7_3/bin/../lib/gcc/arm-none-eabi/4.7.3/armv6-m\libgcc.a(gesf2.o)
 .ARM.attributes
                0x0000073a       0x2c c:/freescale/cw_mcu_v10.6/cross_tools/arm-none-eabi-gcc-4_7_3/bin/../lib/gcc/arm-none-eabi/4.7.3/armv6-m\libgcc.a(lesf2.o)
 .ARM.attributes
                0x00000766       0x2c c:/freescale/cw_mcu_v10.6/cross_tools/arm-none-eabi-gcc-4_7_3/bin/../lib/gcc/arm-none-eabi/4.7.3/armv6-m\libgcc.a(mulsf3.o)
 .ARM.attributes
                0x00000792       0x2c c:/freescale/cw_mcu_v10.6/cross_tools/arm-none-eabi-gcc-4_7_3/bin/../lib/gcc/arm-none-eabi/4.7.3/armv6-m\libgcc.a(subsf3.o)
 .ARM.attributes
                0x000007be       0x2c c:/freescale/cw_mcu_v10.6/cross_tools/arm-none-eabi-gcc-4_7_3/bin/../lib/gcc/arm-none-eabi/4.7.3/armv6-m\libgcc.a(fixsfsi.o)
 .ARM.attributes
                0x000007ea       0x2c c:/freescale/cw_mcu_v10.6/cross_tools/arm-none-eabi-gcc-4_7_3/bin/../lib/gcc/arm-none-eabi/4.7.3/armv6-m\libgcc.a(floatsisf.o)
 .ARM.attributes
                0x00000816       0x1e c:/freescale/cw_mcu_v10.6/cross_tools/arm-none-eabi-gcc-4_7_3/bin/../lib/gcc/arm-none-eabi/4.7.3/armv6-m\libgcc.a(_clzsi2.o)
 .ARM.attributes
                0x00000834       0x31 C:/Freescale/CW_MCU_v10.6/MCU/ARM_GCC_Support/ewl/lib/armv6-m\librt.a(gcc_ctor_dtor.o)
 .ARM.attributes
                0x00000865       0x31 C:/Freescale/CW_MCU_v10.6/MCU/ARM_GCC_Support/ewl/lib/armv6-m\librt.a(ROMCopy.o)
 .ARM.attributes
                0x00000896       0x31 C:/Freescale/CW_MCU_v10.6/MCU/ARM_GCC_Support/ewl/lib/armv6-m\librt.a(__arm_eabi_init.o)
OUTPUT(Test5110.elf elf32-littlearm)

.debug_info     0x00000000     0x6856
 .debug_info    0x00000000      0x165 ./Generated_Code/WAIT1.o
 .debug_info    0x00000165      0x104 ./Generated_Code/Vectors.o
 .debug_info    0x00000269      0x799 ./Generated_Code/TU1.o
 .debug_info    0x00000a02      0x7ca ./Generated_Code/SM1.o
 .debug_info    0x000011cc      0x3c3 ./Generated_Code/SCEpin1.o
 .debug_info    0x0000158f      0x3c3 ./Generated_Code/RESpin1.o
 .debug_info    0x00001952      0x345 ./Generated_Code/PwmLdd1.o
 .debug_info    0x00001c97      0x24e ./Generated_Code/PE_LDD.o
 .debug_info    0x00001ee5      0x508 ./Generated_Code/PDC1.o
 .debug_info    0x000023ed      0x3c3 ./Generated_Code/D_Cpin1.o
 .debug_info    0x000027b0      0x8e1 ./Generated_Code/Cpu.o
 .debug_info    0x00003091      0x399 ./Generated_Code/BitIoLdd3.o
 .debug_info    0x0000342a      0x399 ./Generated_Code/BitIoLdd2.o
 .debug_info    0x000037c3      0x399 ./Generated_Code/BitIoLdd1.o
 .debug_info    0x00003b5c      0x892 ./Generated_Code/ASerialLdd1.o
 .debug_info    0x000043ee      0x30b ./Generated_Code/AS1.o
 .debug_info    0x000046f9      0x12a ./Project_Settings/Startup_Code/__arm_start.o
 .debug_info    0x00004823       0x54 ./Project_Settings/Startup_Code/__arm_end.o
 .debug_info    0x00004877      0x246 ./Sources/main.o
 .debug_info    0x00004abd      0x1ed ./Sources/Events.o
 .debug_info    0x00004caa      0x228 C:/Freescale/CW_MCU_v10.6/MCU/ARM_GCC_Support/ewl/lib/armv6-m\libc.a(atoi.o)
 .debug_info    0x00004ed2       0xe8 C:/Freescale/CW_MCU_v10.6/MCU/ARM_GCC_Support/ewl/lib/armv6-m\libc.a(exit.o)
 .debug_info    0x00004fba       0xec C:/Freescale/CW_MCU_v10.6/MCU/ARM_GCC_Support/ewl/lib/armv6-m\libc.a(memset.o)
 .debug_info    0x000050a6      0x114 C:/Freescale/CW_MCU_v10.6/MCU/ARM_GCC_Support/ewl/lib/armv6-m\libc.a(strcmp.o)
 .debug_info    0x000051ba      0x109 C:/Freescale/CW_MCU_v10.6/MCU/ARM_GCC_Support/ewl/lib/armv6-m\libc.a(strcpy.o)
 .debug_info    0x000052c3      0x60f C:/Freescale/CW_MCU_v10.6/MCU/ARM_GCC_Support/ewl/lib/armv6-m\libc.a(str_extra.o)
 .debug_info    0x000058d2      0x313 C:/Freescale/CW_MCU_v10.6/MCU/ARM_GCC_Support/ewl/lib/armv6-m\libc.a(ctype_aeabi.o)
 .debug_info    0x00005be5       0x9d C:/Freescale/CW_MCU_v10.6/MCU/ARM_GCC_Support/ewl/lib/armv6-m\libc.a(errno.o)
 .debug_info    0x00005c82      0x253 C:/Freescale/CW_MCU_v10.6/MCU/ARM_GCC_Support/ewl/lib/armv6-m\libc.a(vsscanf.o)
 .debug_info    0x00005ed5      0x1d6 C:/Freescale/CW_MCU_v10.6/MCU/ARM_GCC_Support/ewl/lib/armv6-m\libc.a(__strtoul.o)
 .debug_info    0x000060ab      0x137 C:/Freescale/CW_MCU_v10.6/MCU/ARM_GCC_Support/ewl/lib/armv6-m\libc.a(__filll_mem.o)
 .debug_info    0x000061e2       0xea C:/Freescale/CW_MCU_v10.6/MCU/ARM_GCC_Support/ewl/lib/armv6-m\libc.a(strlen.o)
 .debug_info    0x000062cc      0x136 C:/Freescale/CW_MCU_v10.6/MCU/ARM_GCC_Support/ewl/lib/armv6-m\librt.a(gcc_ctor_dtor.o)
 .debug_info    0x00006402      0x19b C:/Freescale/CW_MCU_v10.6/MCU/ARM_GCC_Support/ewl/lib/armv6-m\librt.a(ROMCopy.o)
 .debug_info    0x0000659d      0x2b9 C:/Freescale/CW_MCU_v10.6/MCU/ARM_GCC_Support/ewl/lib/armv6-m\librt.a(__arm_eabi_init.o)

.debug_abbrev   0x00000000     0x21cb
 .debug_abbrev  0x00000000       0xa3 ./Generated_Code/WAIT1.o
 .debug_abbrev  0x000000a3       0xa3 ./Generated_Code/Vectors.o
 .debug_abbrev  0x00000146      0x17e ./Generated_Code/TU1.o
 .debug_abbrev  0x000002c4      0x18b ./Generated_Code/SM1.o
 .debug_abbrev  0x0000044f      0x151 ./Generated_Code/SCEpin1.o
 .debug_abbrev  0x000005a0      0x151 ./Generated_Code/RESpin1.o
 .debug_abbrev  0x000006f1      0x114 ./Generated_Code/PwmLdd1.o
 .debug_abbrev  0x00000805      0x102 ./Generated_Code/PE_LDD.o
 .debug_abbrev  0x00000907      0x170 ./Generated_Code/PDC1.o
 .debug_abbrev  0x00000a77      0x151 ./Generated_Code/D_Cpin1.o
 .debug_abbrev  0x00000bc8      0x122 ./Generated_Code/Cpu.o
 .debug_abbrev  0x00000cea      0x12b ./Generated_Code/BitIoLdd3.o
 .debug_abbrev  0x00000e15      0x12b ./Generated_Code/BitIoLdd2.o
 .debug_abbrev  0x00000f40      0x12b ./Generated_Code/BitIoLdd1.o
 .debug_abbrev  0x0000106b      0x189 ./Generated_Code/ASerialLdd1.o
 .debug_abbrev  0x000011f4      0x14a ./Generated_Code/AS1.o
 .debug_abbrev  0x0000133e       0x92 ./Project_Settings/Startup_Code/__arm_start.o
 .debug_abbrev  0x000013d0       0x4c ./Project_Settings/Startup_Code/__arm_end.o
 .debug_abbrev  0x0000141c      0x102 ./Sources/main.o
 .debug_abbrev  0x0000151e      0x11c ./Sources/Events.o
 .debug_abbrev  0x0000163a       0xd4 C:/Freescale/CW_MCU_v10.6/MCU/ARM_GCC_Support/ewl/lib/armv6-m\libc.a(atoi.o)
 .debug_abbrev  0x0000170e       0x7a C:/Freescale/CW_MCU_v10.6/MCU/ARM_GCC_Support/ewl/lib/armv6-m\libc.a(exit.o)
 .debug_abbrev  0x00001788       0x62 C:/Freescale/CW_MCU_v10.6/MCU/ARM_GCC_Support/ewl/lib/armv6-m\libc.a(memset.o)
 .debug_abbrev  0x000017ea       0x89 C:/Freescale/CW_MCU_v10.6/MCU/ARM_GCC_Support/ewl/lib/armv6-m\libc.a(strcmp.o)
 .debug_abbrev  0x00001873       0x78 C:/Freescale/CW_MCU_v10.6/MCU/ARM_GCC_Support/ewl/lib/armv6-m\libc.a(strcpy.o)
 .debug_abbrev  0x000018eb      0x17f C:/Freescale/CW_MCU_v10.6/MCU/ARM_GCC_Support/ewl/lib/armv6-m\libc.a(str_extra.o)
 .debug_abbrev  0x00001a6a       0x9e C:/Freescale/CW_MCU_v10.6/MCU/ARM_GCC_Support/ewl/lib/armv6-m\libc.a(ctype_aeabi.o)
 .debug_abbrev  0x00001b08       0x44 C:/Freescale/CW_MCU_v10.6/MCU/ARM_GCC_Support/ewl/lib/armv6-m\libc.a(errno.o)
 .debug_abbrev  0x00001b4c      0x15f C:/Freescale/CW_MCU_v10.6/MCU/ARM_GCC_Support/ewl/lib/armv6-m\libc.a(vsscanf.o)
 .debug_abbrev  0x00001cab       0xc2 C:/Freescale/CW_MCU_v10.6/MCU/ARM_GCC_Support/ewl/lib/armv6-m\libc.a(__strtoul.o)
 .debug_abbrev  0x00001d6d       0x78 C:/Freescale/CW_MCU_v10.6/MCU/ARM_GCC_Support/ewl/lib/armv6-m\libc.a(__filll_mem.o)
 .debug_abbrev  0x00001de5       0x7a C:/Freescale/CW_MCU_v10.6/MCU/ARM_GCC_Support/ewl/lib/armv6-m\libc.a(strlen.o)
 .debug_abbrev  0x00001e5f       0x99 C:/Freescale/CW_MCU_v10.6/MCU/ARM_GCC_Support/ewl/lib/armv6-m\librt.a(gcc_ctor_dtor.o)
 .debug_abbrev  0x00001ef8      0x120 C:/Freescale/CW_MCU_v10.6/MCU/ARM_GCC_Support/ewl/lib/armv6-m\librt.a(ROMCopy.o)
 .debug_abbrev  0x00002018      0x1b3 C:/Freescale/CW_MCU_v10.6/MCU/ARM_GCC_Support/ewl/lib/armv6-m\librt.a(__arm_eabi_init.o)

.debug_loc      0x00000000     0x2a56
 .debug_loc     0x00000000      0x100 ./Generated_Code/WAIT1.o
 .debug_loc     0x00000100      0x1f8 ./Generated_Code/TU1.o
 .debug_loc     0x000002f8      0x188 ./Generated_Code/SM1.o
 .debug_loc     0x00000480      0x150 ./Generated_Code/SCEpin1.o
 .debug_loc     0x000005d0      0x150 ./Generated_Code/RESpin1.o
 .debug_loc     0x00000720      0x188 ./Generated_Code/PwmLdd1.o
 .debug_loc     0x000008a8       0x9c ./Generated_Code/PE_LDD.o
 .debug_loc     0x00000944      0x3ec ./Generated_Code/PDC1.o
 .debug_loc     0x00000d30      0x150 ./Generated_Code/D_Cpin1.o
 .debug_loc     0x00000e80       0xb0 ./Generated_Code/Cpu.o
 .debug_loc     0x00000f30      0x118 ./Generated_Code/BitIoLdd3.o
 .debug_loc     0x00001048      0x118 ./Generated_Code/BitIoLdd2.o
 .debug_loc     0x00001160      0x118 ./Generated_Code/BitIoLdd1.o
 .debug_loc     0x00001278      0x194 ./Generated_Code/ASerialLdd1.o
 .debug_loc     0x0000140c      0x200 ./Generated_Code/AS1.o
 .debug_loc     0x0000160c       0x2c ./Project_Settings/Startup_Code/__arm_start.o
 .debug_loc     0x00001638       0x38 ./Project_Settings/Startup_Code/__arm_end.o
 .debug_loc     0x00001670      0x118 ./Sources/main.o
 .debug_loc     0x00001788       0x90 ./Sources/Events.o
 .debug_loc     0x00001818      0x169 C:/Freescale/CW_MCU_v10.6/MCU/ARM_GCC_Support/ewl/lib/armv6-m\libc.a(atoi.o)
 .debug_loc     0x00001981       0x3e C:/Freescale/CW_MCU_v10.6/MCU/ARM_GCC_Support/ewl/lib/armv6-m\libc.a(exit.o)
 .debug_loc     0x000019bf       0x6f C:/Freescale/CW_MCU_v10.6/MCU/ARM_GCC_Support/ewl/lib/armv6-m\libc.a(memset.o)
 .debug_loc     0x00001a2e       0x64 C:/Freescale/CW_MCU_v10.6/MCU/ARM_GCC_Support/ewl/lib/armv6-m\libc.a(strcmp.o)
 .debug_loc     0x00001a92       0x20 C:/Freescale/CW_MCU_v10.6/MCU/ARM_GCC_Support/ewl/lib/armv6-m\libc.a(strcpy.o)
 .debug_loc     0x00001ab2      0x39c C:/Freescale/CW_MCU_v10.6/MCU/ARM_GCC_Support/ewl/lib/armv6-m\libc.a(str_extra.o)
 .debug_loc     0x00001e4e      0x30d C:/Freescale/CW_MCU_v10.6/MCU/ARM_GCC_Support/ewl/lib/armv6-m\libc.a(ctype_aeabi.o)
 .debug_loc     0x0000215b      0x16c C:/Freescale/CW_MCU_v10.6/MCU/ARM_GCC_Support/ewl/lib/armv6-m\libc.a(vsscanf.o)
 .debug_loc     0x000022c7      0x305 C:/Freescale/CW_MCU_v10.6/MCU/ARM_GCC_Support/ewl/lib/armv6-m\libc.a(__strtoul.o)
 .debug_loc     0x000025cc      0x14a C:/Freescale/CW_MCU_v10.6/MCU/ARM_GCC_Support/ewl/lib/armv6-m\libc.a(__filll_mem.o)
 .debug_loc     0x00002716       0x33 C:/Freescale/CW_MCU_v10.6/MCU/ARM_GCC_Support/ewl/lib/armv6-m\libc.a(strlen.o)
 .debug_loc     0x00002749       0x9d C:/Freescale/CW_MCU_v10.6/MCU/ARM_GCC_Support/ewl/lib/armv6-m\librt.a(gcc_ctor_dtor.o)
 .debug_loc     0x000027e6       0xd9 C:/Freescale/CW_MCU_v10.6/MCU/ARM_GCC_Support/ewl/lib/armv6-m\librt.a(ROMCopy.o)
 .debug_loc     0x000028bf      0x197 C:/Freescale/CW_MCU_v10.6/MCU/ARM_GCC_Support/ewl/lib/armv6-m\librt.a(__arm_eabi_init.o)

.debug_aranges  0x00000000      0x860
 .debug_aranges
                0x00000000       0x50 ./Generated_Code/WAIT1.o
 .debug_aranges
                0x00000050       0x18 ./Generated_Code/Vectors.o
 .debug_aranges
                0x00000068       0x60 ./Generated_Code/TU1.o
 .debug_aranges
                0x000000c8       0x50 ./Generated_Code/SM1.o
 .debug_aranges
                0x00000118       0x48 ./Generated_Code/SCEpin1.o
 .debug_aranges
                0x00000160       0x48 ./Generated_Code/RESpin1.o
 .debug_aranges
                0x000001a8       0x50 ./Generated_Code/PwmLdd1.o
 .debug_aranges
                0x000001f8       0x30 ./Generated_Code/PE_LDD.o
 .debug_aranges
                0x00000228       0xb0 ./Generated_Code/PDC1.o
 .debug_aranges
                0x000002d8       0x48 ./Generated_Code/D_Cpin1.o
 .debug_aranges
                0x00000320       0x38 ./Generated_Code/Cpu.o
 .debug_aranges
                0x00000358       0x40 ./Generated_Code/BitIoLdd3.o
 .debug_aranges
                0x00000398       0x40 ./Generated_Code/BitIoLdd2.o
 .debug_aranges
                0x000003d8       0x40 ./Generated_Code/BitIoLdd1.o
 .debug_aranges
                0x00000418       0x50 ./Generated_Code/ASerialLdd1.o
 .debug_aranges
                0x00000468       0x68 ./Generated_Code/AS1.o
 .debug_aranges
                0x000004d0       0x30 ./Project_Settings/Startup_Code/__arm_start.o
 .debug_aranges
                0x00000500       0x20 ./Project_Settings/Startup_Code/__arm_end.o
 .debug_aranges
                0x00000520       0x40 ./Sources/main.o
 .debug_aranges
                0x00000560       0x30 ./Sources/Events.o
 .debug_aranges
                0x00000590       0x30 C:/Freescale/CW_MCU_v10.6/MCU/ARM_GCC_Support/ewl/lib/armv6-m\libc.a(atoi.o)
 .debug_aranges
                0x000005c0       0x20 C:/Freescale/CW_MCU_v10.6/MCU/ARM_GCC_Support/ewl/lib/armv6-m\libc.a(exit.o)
 .debug_aranges
                0x000005e0       0x20 C:/Freescale/CW_MCU_v10.6/MCU/ARM_GCC_Support/ewl/lib/armv6-m\libc.a(memset.o)
 .debug_aranges
                0x00000600       0x20 C:/Freescale/CW_MCU_v10.6/MCU/ARM_GCC_Support/ewl/lib/armv6-m\libc.a(strcmp.o)
 .debug_aranges
                0x00000620       0x20 C:/Freescale/CW_MCU_v10.6/MCU/ARM_GCC_Support/ewl/lib/armv6-m\libc.a(strcpy.o)
 .debug_aranges
                0x00000640       0x48 C:/Freescale/CW_MCU_v10.6/MCU/ARM_GCC_Support/ewl/lib/armv6-m\libc.a(str_extra.o)
 .debug_aranges
                0x00000688       0x88 C:/Freescale/CW_MCU_v10.6/MCU/ARM_GCC_Support/ewl/lib/armv6-m\libc.a(ctype_aeabi.o)
 .debug_aranges
                0x00000710       0x18 C:/Freescale/CW_MCU_v10.6/MCU/ARM_GCC_Support/ewl/lib/armv6-m\libc.a(errno.o)
 .debug_aranges
                0x00000728       0x28 C:/Freescale/CW_MCU_v10.6/MCU/ARM_GCC_Support/ewl/lib/armv6-m\libc.a(vsscanf.o)
 .debug_aranges
                0x00000750       0x20 C:/Freescale/CW_MCU_v10.6/MCU/ARM_GCC_Support/ewl/lib/armv6-m\libc.a(__strtoul.o)
 .debug_aranges
                0x00000770       0x20 C:/Freescale/CW_MCU_v10.6/MCU/ARM_GCC_Support/ewl/lib/armv6-m\libc.a(__filll_mem.o)
 .debug_aranges
                0x00000790       0x20 C:/Freescale/CW_MCU_v10.6/MCU/ARM_GCC_Support/ewl/lib/armv6-m\libc.a(strlen.o)
 .debug_aranges
                0x000007b0       0x28 C:/Freescale/CW_MCU_v10.6/MCU/ARM_GCC_Support/ewl/lib/armv6-m\librt.a(gcc_ctor_dtor.o)
 .debug_aranges
                0x000007d8       0x30 C:/Freescale/CW_MCU_v10.6/MCU/ARM_GCC_Support/ewl/lib/armv6-m\librt.a(ROMCopy.o)
 .debug_aranges
                0x00000808       0x58 C:/Freescale/CW_MCU_v10.6/MCU/ARM_GCC_Support/ewl/lib/armv6-m\librt.a(__arm_eabi_init.o)

.debug_macinfo  0x00000000   0x39c1ab
 .debug_macinfo
                0x00000000    0x2e5ff ./Generated_Code/WAIT1.o
 .debug_macinfo
                0x0002e5ff    0x38150 ./Generated_Code/Vectors.o
 .debug_macinfo
                0x0006674f    0x3000d ./Generated_Code/TU1.o
 .debug_macinfo
                0x0009675c    0x356e7 ./Generated_Code/SM1.o
 .debug_macinfo
                0x000cbe43    0x2ed1b ./Generated_Code/SCEpin1.o
 .debug_macinfo
                0x000fab5e    0x2ed19 ./Generated_Code/RESpin1.o
 .debug_macinfo
                0x00129877    0x3017e ./Generated_Code/PwmLdd1.o
 .debug_macinfo
                0x001599f5    0x380f8 ./Generated_Code/PE_LDD.o
 .debug_macinfo
                0x00191aed    0x358cc ./Generated_Code/PDC1.o
 .debug_macinfo
                0x001c73b9    0x2ed1b ./Generated_Code/D_Cpin1.o
 .debug_macinfo
                0x001f60d4    0x38150 ./Generated_Code/Cpu.o
 .debug_macinfo
                0x0022e224    0x2ed73 ./Generated_Code/BitIoLdd3.o
 .debug_macinfo
                0x0025cf97    0x2ed73 ./Generated_Code/BitIoLdd2.o
 .debug_macinfo
                0x0028bd0a    0x2ed71 ./Generated_Code/BitIoLdd1.o
 .debug_macinfo
                0x002baa7b    0x31e69 ./Generated_Code/ASerialLdd1.o
 .debug_macinfo
                0x002ec8e4    0x38285 ./Generated_Code/AS1.o
 .debug_macinfo
                0x00324b69     0x3e6d ./Project_Settings/Startup_Code/__arm_start.o
 .debug_macinfo
                0x003289d6     0x3456 ./Project_Settings/Startup_Code/__arm_end.o
 .debug_macinfo
                0x0032be2c    0x38243 ./Sources/main.o
 .debug_macinfo
                0x0036406f    0x3813c ./Sources/Events.o

.debug_line     0x00000000     0x548c
 .debug_line    0x00000000      0x2c8 ./Generated_Code/WAIT1.o
 .debug_line    0x000002c8      0x555 ./Generated_Code/Vectors.o
 .debug_line    0x0000081d      0x353 ./Generated_Code/TU1.o
 .debug_line    0x00000b70      0x39b ./Generated_Code/SM1.o
 .debug_line    0x00000f0b      0x2e0 ./Generated_Code/SCEpin1.o
 .debug_line    0x000011eb      0x2e1 ./Generated_Code/RESpin1.o
 .debug_line    0x000014cc      0x319 ./Generated_Code/PwmLdd1.o
 .debug_line    0x000017e5      0x3b9 ./Generated_Code/PE_LDD.o
 .debug_line    0x00001b9e      0x493 ./Generated_Code/PDC1.o
 .debug_line    0x00002031      0x2e0 ./Generated_Code/D_Cpin1.o
 .debug_line    0x00002311      0x5c0 ./Generated_Code/Cpu.o
 .debug_line    0x000028d1      0x2d1 ./Generated_Code/BitIoLdd3.o
 .debug_line    0x00002ba2      0x2d1 ./Generated_Code/BitIoLdd2.o
 .debug_line    0x00002e73      0x2d2 ./Generated_Code/BitIoLdd1.o
 .debug_line    0x00003145      0x371 ./Generated_Code/ASerialLdd1.o
 .debug_line    0x000034b6      0x59c ./Generated_Code/AS1.o
 .debug_line    0x00003a52      0x2ce ./Project_Settings/Startup_Code/__arm_start.o
 .debug_line    0x00003d20      0x265 ./Project_Settings/Startup_Code/__arm_end.o
 .debug_line    0x00003f85      0x4d6 ./Sources/main.o
 .debug_line    0x0000445b      0x440 ./Sources/Events.o
 .debug_line    0x0000489b       0xd2 C:/Freescale/CW_MCU_v10.6/MCU/ARM_GCC_Support/ewl/lib/armv6-m\libc.a(atoi.o)
 .debug_line    0x0000496d       0x8d C:/Freescale/CW_MCU_v10.6/MCU/ARM_GCC_Support/ewl/lib/armv6-m\libc.a(exit.o)
 .debug_line    0x000049fa       0x90 C:/Freescale/CW_MCU_v10.6/MCU/ARM_GCC_Support/ewl/lib/armv6-m\libc.a(memset.o)
 .debug_line    0x00004a8a       0x83 C:/Freescale/CW_MCU_v10.6/MCU/ARM_GCC_Support/ewl/lib/armv6-m\libc.a(strcmp.o)
 .debug_line    0x00004b0d       0x7d C:/Freescale/CW_MCU_v10.6/MCU/ARM_GCC_Support/ewl/lib/armv6-m\libc.a(strcpy.o)
 .debug_line    0x00004b8a      0x156 C:/Freescale/CW_MCU_v10.6/MCU/ARM_GCC_Support/ewl/lib/armv6-m\libc.a(str_extra.o)
 .debug_line    0x00004ce0      0x1be C:/Freescale/CW_MCU_v10.6/MCU/ARM_GCC_Support/ewl/lib/armv6-m\libc.a(ctype_aeabi.o)
 .debug_line    0x00004e9e       0x4d C:/Freescale/CW_MCU_v10.6/MCU/ARM_GCC_Support/ewl/lib/armv6-m\libc.a(errno.o)
 .debug_line    0x00004eeb       0xc8 C:/Freescale/CW_MCU_v10.6/MCU/ARM_GCC_Support/ewl/lib/armv6-m\libc.a(vsscanf.o)
 .debug_line    0x00004fb3      0x11e C:/Freescale/CW_MCU_v10.6/MCU/ARM_GCC_Support/ewl/lib/armv6-m\libc.a(__strtoul.o)
 .debug_line    0x000050d1       0xf6 C:/Freescale/CW_MCU_v10.6/MCU/ARM_GCC_Support/ewl/lib/armv6-m\libc.a(__filll_mem.o)
 .debug_line    0x000051c7       0x85 C:/Freescale/CW_MCU_v10.6/MCU/ARM_GCC_Support/ewl/lib/armv6-m\libc.a(strlen.o)
 .debug_line    0x0000524c       0x6c C:/Freescale/CW_MCU_v10.6/MCU/ARM_GCC_Support/ewl/lib/armv6-m\librt.a(gcc_ctor_dtor.o)
 .debug_line    0x000052b8       0xbd C:/Freescale/CW_MCU_v10.6/MCU/ARM_GCC_Support/ewl/lib/armv6-m\librt.a(ROMCopy.o)
 .debug_line    0x00005375      0x117 C:/Freescale/CW_MCU_v10.6/MCU/ARM_GCC_Support/ewl/lib/armv6-m\librt.a(__arm_eabi_init.o)

.debug_str      0x00000000     0x1deb
 .debug_str     0x00000000      0x1bd ./Generated_Code/WAIT1.o
                                0x1ef (size before relaxing)
 .debug_str     0x000001bd       0x55 ./Generated_Code/Vectors.o
                                0x19f (size before relaxing)
 .debug_str     0x00000212      0x34c ./Generated_Code/TU1.o
                                0x4b3 (size before relaxing)
 .debug_str     0x0000055e      0x1b8 ./Generated_Code/SM1.o
                                0x4b7 (size before relaxing)
 .debug_str     0x00000716       0xe8 ./Generated_Code/SCEpin1.o
                                0x30a (size before relaxing)
 .debug_str     0x000007fe       0x9f ./Generated_Code/RESpin1.o
                                0x30a (size before relaxing)
 .debug_str     0x0000089d       0xee ./Generated_Code/PwmLdd1.o
                                0x2d5 (size before relaxing)
 .debug_str     0x0000098b      0x16b ./Generated_Code/PE_LDD.o
                                0x302 (size before relaxing)
 .debug_str     0x00000af6      0x28b ./Generated_Code/PDC1.o
                                0x428 (size before relaxing)
 .debug_str     0x00000d81       0x9f ./Generated_Code/D_Cpin1.o
                                0x30a (size before relaxing)
 .debug_str     0x00000e20      0x17d ./Generated_Code/Cpu.o
                                0x44e (size before relaxing)
 .debug_str     0x00000f9d       0xa0 ./Generated_Code/BitIoLdd3.o
                                0x30b (size before relaxing)
 .debug_str     0x0000103d       0xa0 ./Generated_Code/BitIoLdd2.o
                                0x30b (size before relaxing)
 .debug_str     0x000010dd       0xa0 ./Generated_Code/BitIoLdd1.o
                                0x30b (size before relaxing)
 .debug_str     0x0000117d      0x150 ./Generated_Code/ASerialLdd1.o
                                0x50f (size before relaxing)
 .debug_str     0x000012cd      0x12b ./Generated_Code/AS1.o
                                0x2ed (size before relaxing)
 .debug_str     0x000013f8       0x85 ./Project_Settings/Startup_Code/__arm_start.o
                                0x1cd (size before relaxing)
 .debug_str     0x0000147d       0x41 ./Project_Settings/Startup_Code/__arm_end.o
                                0x104 (size before relaxing)
 .debug_str     0x000014be       0x6a ./Sources/main.o
                                0x1dd (size before relaxing)
 .debug_str     0x00001528       0x60 ./Sources/Events.o
                                0x1c6 (size before relaxing)
 .debug_str     0x00001588       0x8c C:/Freescale/CW_MCU_v10.6/MCU/ARM_GCC_Support/ewl/lib/armv6-m\libc.a(atoi.o)
                                0x1af (size before relaxing)
 .debug_str     0x00001614       0x2e C:/Freescale/CW_MCU_v10.6/MCU/ARM_GCC_Support/ewl/lib/armv6-m\libc.a(exit.o)
                                0x157 (size before relaxing)
 .debug_str     0x00001642       0x23 C:/Freescale/CW_MCU_v10.6/MCU/ARM_GCC_Support/ewl/lib/armv6-m\libc.a(memset.o)
                                0x140 (size before relaxing)
 .debug_str     0x00001665       0x27 C:/Freescale/CW_MCU_v10.6/MCU/ARM_GCC_Support/ewl/lib/armv6-m\libc.a(strcmp.o)
                                0x152 (size before relaxing)
 .debug_str     0x0000168c       0x15 C:/Freescale/CW_MCU_v10.6/MCU/ARM_GCC_Support/ewl/lib/armv6-m\libc.a(strcpy.o)
                                0x142 (size before relaxing)
 .debug_str     0x000016a1      0x2c3 C:/Freescale/CW_MCU_v10.6/MCU/ARM_GCC_Support/ewl/lib/armv6-m\libc.a(str_extra.o)
                                0x443 (size before relaxing)
 .debug_str     0x00001964       0x9d C:/Freescale/CW_MCU_v10.6/MCU/ARM_GCC_Support/ewl/lib/armv6-m\libc.a(ctype_aeabi.o)
                                0x1bc (size before relaxing)
 .debug_str     0x00001a01       0x12 C:/Freescale/CW_MCU_v10.6/MCU/ARM_GCC_Support/ewl/lib/armv6-m\libc.a(errno.o)
                                0x12c (size before relaxing)
 .debug_str     0x00001a13       0x84 C:/Freescale/CW_MCU_v10.6/MCU/ARM_GCC_Support/ewl/lib/armv6-m\libc.a(vsscanf.o)
                                0x1e5 (size before relaxing)
 .debug_str     0x00001a97       0x6a C:/Freescale/CW_MCU_v10.6/MCU/ARM_GCC_Support/ewl/lib/armv6-m\libc.a(__strtoul.o)
                                0x1fb (size before relaxing)
 .debug_str     0x00001b01       0x25 C:/Freescale/CW_MCU_v10.6/MCU/ARM_GCC_Support/ewl/lib/armv6-m\libc.a(__filll_mem.o)
                                0x152 (size before relaxing)
 .debug_str     0x00001b26       0x1c C:/Freescale/CW_MCU_v10.6/MCU/ARM_GCC_Support/ewl/lib/armv6-m\libc.a(strlen.o)
                                0x140 (size before relaxing)
 .debug_str     0x00001b42      0x126 C:/Freescale/CW_MCU_v10.6/MCU/ARM_GCC_Support/ewl/lib/armv6-m\librt.a(gcc_ctor_dtor.o)
                                0x181 (size before relaxing)
 .debug_str     0x00001c68       0x95 C:/Freescale/CW_MCU_v10.6/MCU/ARM_GCC_Support/ewl/lib/armv6-m\librt.a(ROMCopy.o)
                                0x13c (size before relaxing)
 .debug_str     0x00001cfd       0xee C:/Freescale/CW_MCU_v10.6/MCU/ARM_GCC_Support/ewl/lib/armv6-m\librt.a(__arm_eabi_init.o)
                                0x1b5 (size before relaxing)

.comment        0x00000000       0x79
 .comment       0x00000000       0x79 ./Generated_Code/WAIT1.o
                                 0x7a (size before relaxing)
 .comment       0x00000000       0x7a ./Generated_Code/Vectors.o
 .comment       0x00000000       0x7a ./Generated_Code/TU1.o
 .comment       0x00000000       0x7a ./Generated_Code/SM1.o
 .comment       0x00000000       0x7a ./Generated_Code/SCEpin1.o
 .comment       0x00000000       0x7a ./Generated_Code/RESpin1.o
 .comment       0x00000000       0x7a ./Generated_Code/PwmLdd1.o
 .comment       0x00000000       0x7a ./Generated_Code/PE_LDD.o
 .comment       0x00000000       0x7a ./Generated_Code/PDC1.o
 .comment       0x00000000       0x7a ./Generated_Code/D_Cpin1.o
 .comment       0x00000000       0x7a ./Generated_Code/Cpu.o
 .comment       0x00000000       0x7a ./Generated_Code/BitIoLdd3.o
 .comment       0x00000000       0x7a ./Generated_Code/BitIoLdd2.o
 .comment       0x00000000       0x7a ./Generated_Code/BitIoLdd1.o
 .comment       0x00000000       0x7a ./Generated_Code/ASerialLdd1.o
 .comment       0x00000000       0x7a ./Generated_Code/AS1.o
 .comment       0x00000000       0x7a ./Project_Settings/Startup_Code/__arm_start.o
 .comment       0x00000000       0x7a ./Project_Settings/Startup_Code/__arm_end.o
 .comment       0x00000000       0x7a ./Sources/main.o
 .comment       0x00000000       0x7a ./Sources/Events.o
 .comment       0x00000000       0x7a C:/Freescale/CW_MCU_v10.6/MCU/ARM_GCC_Support/ewl/lib/armv6-m\libc.a(atoi.o)
 .comment       0x00000000       0x7a C:/Freescale/CW_MCU_v10.6/MCU/ARM_GCC_Support/ewl/lib/armv6-m\libc.a(exit.o)
 .comment       0x00000000       0x7a C:/Freescale/CW_MCU_v10.6/MCU/ARM_GCC_Support/ewl/lib/armv6-m\libc.a(memset.o)
 .comment       0x00000000       0x7a C:/Freescale/CW_MCU_v10.6/MCU/ARM_GCC_Support/ewl/lib/armv6-m\libc.a(strcmp.o)
 .comment       0x00000000       0x7a C:/Freescale/CW_MCU_v10.6/MCU/ARM_GCC_Support/ewl/lib/armv6-m\libc.a(strcpy.o)
 .comment       0x00000000       0x7a C:/Freescale/CW_MCU_v10.6/MCU/ARM_GCC_Support/ewl/lib/armv6-m\libc.a(str_extra.o)
 .comment       0x00000000       0x7a C:/Freescale/CW_MCU_v10.6/MCU/ARM_GCC_Support/ewl/lib/armv6-m\libc.a(ctype_aeabi.o)
 .comment       0x00000000       0x7a C:/Freescale/CW_MCU_v10.6/MCU/ARM_GCC_Support/ewl/lib/armv6-m\libc.a(errno.o)
 .comment       0x00000000       0x7a C:/Freescale/CW_MCU_v10.6/MCU/ARM_GCC_Support/ewl/lib/armv6-m\libc.a(vsscanf.o)
 .comment       0x00000000       0x7a C:/Freescale/CW_MCU_v10.6/MCU/ARM_GCC_Support/ewl/lib/armv6-m\libc.a(__strtoul.o)
 .comment       0x00000000       0x7a C:/Freescale/CW_MCU_v10.6/MCU/ARM_GCC_Support/ewl/lib/armv6-m\libc.a(__filll_mem.o)
 .comment       0x00000000       0x7a C:/Freescale/CW_MCU_v10.6/MCU/ARM_GCC_Support/ewl/lib/armv6-m\libc.a(strlen.o)
 .comment       0x00000000       0x7a C:/Freescale/CW_MCU_v10.6/MCU/ARM_GCC_Support/ewl/lib/armv6-m\librt.a(gcc_ctor_dtor.o)
 .comment       0x00000000       0x7a C:/Freescale/CW_MCU_v10.6/MCU/ARM_GCC_Support/ewl/lib/armv6-m\librt.a(ROMCopy.o)
 .comment       0x00000000       0x7a C:/Freescale/CW_MCU_v10.6/MCU/ARM_GCC_Support/ewl/lib/armv6-m\librt.a(__arm_eabi_init.o)

.debug_frame    0x00000000     0x1654
 .debug_frame   0x00000000       0xc8 ./Generated_Code/WAIT1.o
 .debug_frame   0x000000c8      0x130 ./Generated_Code/TU1.o
 .debug_frame   0x000001f8       0xf0 ./Generated_Code/SM1.o
 .debug_frame   0x000002e8       0xd0 ./Generated_Code/SCEpin1.o
 .debug_frame   0x000003b8       0xd0 ./Generated_Code/RESpin1.o
 .debug_frame   0x00000488       0xf0 ./Generated_Code/PwmLdd1.o
 .debug_frame   0x00000578       0x6c ./Generated_Code/PE_LDD.o
 .debug_frame   0x000005e4      0x25c ./Generated_Code/PDC1.o
 .debug_frame   0x00000840       0xd0 ./Generated_Code/D_Cpin1.o
 .debug_frame   0x00000910       0x80 ./Generated_Code/Cpu.o
 .debug_frame   0x00000990       0xb0 ./Generated_Code/BitIoLdd3.o
 .debug_frame   0x00000a40       0xb0 ./Generated_Code/BitIoLdd2.o
 .debug_frame   0x00000af0       0xb0 ./Generated_Code/BitIoLdd1.o
 .debug_frame   0x00000ba0       0xf8 ./Generated_Code/ASerialLdd1.o
 .debug_frame   0x00000c98      0x140 ./Generated_Code/AS1.o
 .debug_frame   0x00000dd8       0x4c ./Project_Settings/Startup_Code/__arm_start.o
 .debug_frame   0x00000e24       0x30 ./Project_Settings/Startup_Code/__arm_end.o
 .debug_frame   0x00000e54       0xb0 ./Sources/main.o
 .debug_frame   0x00000f04       0x68 ./Sources/Events.o
 .debug_frame   0x00000f6c       0x5c C:/Freescale/CW_MCU_v10.6/MCU/ARM_GCC_Support/ewl/lib/armv6-m\libc.a(atoi.o)
 .debug_frame   0x00000fc8       0x2c C:/Freescale/CW_MCU_v10.6/MCU/ARM_GCC_Support/ewl/lib/armv6-m\libc.a(exit.o)
 .debug_frame   0x00000ff4       0x28 C:/Freescale/CW_MCU_v10.6/MCU/ARM_GCC_Support/ewl/lib/armv6-m\libc.a(memset.o)
 .debug_frame   0x0000101c       0x28 C:/Freescale/CW_MCU_v10.6/MCU/ARM_GCC_Support/ewl/lib/armv6-m\libc.a(strcmp.o)
 .debug_frame   0x00001044       0x28 C:/Freescale/CW_MCU_v10.6/MCU/ARM_GCC_Support/ewl/lib/armv6-m\libc.a(strcpy.o)
 .debug_frame   0x0000106c       0xc0 C:/Freescale/CW_MCU_v10.6/MCU/ARM_GCC_Support/ewl/lib/armv6-m\libc.a(str_extra.o)
 .debug_frame   0x0000112c      0x158 C:/Freescale/CW_MCU_v10.6/MCU/ARM_GCC_Support/ewl/lib/armv6-m\libc.a(ctype_aeabi.o)
 .debug_frame   0x00001284       0x48 C:/Freescale/CW_MCU_v10.6/MCU/ARM_GCC_Support/ewl/lib/armv6-m\libc.a(vsscanf.o)
 .debug_frame   0x000012cc       0x30 C:/Freescale/CW_MCU_v10.6/MCU/ARM_GCC_Support/ewl/lib/armv6-m\libc.a(__strtoul.o)
 .debug_frame   0x000012fc       0x2c C:/Freescale/CW_MCU_v10.6/MCU/ARM_GCC_Support/ewl/lib/armv6-m\libc.a(__filll_mem.o)
 .debug_frame   0x00001328       0x28 C:/Freescale/CW_MCU_v10.6/MCU/ARM_GCC_Support/ewl/lib/armv6-m\libc.a(strlen.o)
 .debug_frame   0x00001350       0x20 c:/freescale/cw_mcu_v10.6/cross_tools/arm-none-eabi-gcc-4_7_3/bin/../lib/gcc/arm-none-eabi/4.7.3/armv6-m\libgcc.a(_udivsi3.o)
 .debug_frame   0x00001370       0x20 c:/freescale/cw_mcu_v10.6/cross_tools/arm-none-eabi-gcc-4_7_3/bin/../lib/gcc/arm-none-eabi/4.7.3/armv6-m\libgcc.a(_divsi3.o)
 .debug_frame   0x00001390       0x28 c:/freescale/cw_mcu_v10.6/cross_tools/arm-none-eabi-gcc-4_7_3/bin/../lib/gcc/arm-none-eabi/4.7.3/armv6-m\libgcc.a(_fixunssfsi.o)
 .debug_frame   0x000013b8       0x2c c:/freescale/cw_mcu_v10.6/cross_tools/arm-none-eabi-gcc-4_7_3/bin/../lib/gcc/arm-none-eabi/4.7.3/armv6-m\libgcc.a(eqsf2.o)
 .debug_frame   0x000013e4       0x30 c:/freescale/cw_mcu_v10.6/cross_tools/arm-none-eabi-gcc-4_7_3/bin/../lib/gcc/arm-none-eabi/4.7.3/armv6-m\libgcc.a(gesf2.o)
 .debug_frame   0x00001414       0x30 c:/freescale/cw_mcu_v10.6/cross_tools/arm-none-eabi-gcc-4_7_3/bin/../lib/gcc/arm-none-eabi/4.7.3/armv6-m\libgcc.a(lesf2.o)
 .debug_frame   0x00001444       0x3c c:/freescale/cw_mcu_v10.6/cross_tools/arm-none-eabi-gcc-4_7_3/bin/../lib/gcc/arm-none-eabi/4.7.3/armv6-m\libgcc.a(mulsf3.o)
 .debug_frame   0x00001480       0x30 c:/freescale/cw_mcu_v10.6/cross_tools/arm-none-eabi-gcc-4_7_3/bin/../lib/gcc/arm-none-eabi/4.7.3/armv6-m\libgcc.a(subsf3.o)
 .debug_frame   0x000014b0       0x28 c:/freescale/cw_mcu_v10.6/cross_tools/arm-none-eabi-gcc-4_7_3/bin/../lib/gcc/arm-none-eabi/4.7.3/armv6-m\libgcc.a(fixsfsi.o)
 .debug_frame   0x000014d8       0x2c c:/freescale/cw_mcu_v10.6/cross_tools/arm-none-eabi-gcc-4_7_3/bin/../lib/gcc/arm-none-eabi/4.7.3/armv6-m\libgcc.a(floatsisf.o)
 .debug_frame   0x00001504       0x40 C:/Freescale/CW_MCU_v10.6/MCU/ARM_GCC_Support/ewl/lib/armv6-m\librt.a(gcc_ctor_dtor.o)
 .debug_frame   0x00001544       0x54 C:/Freescale/CW_MCU_v10.6/MCU/ARM_GCC_Support/ewl/lib/armv6-m\librt.a(ROMCopy.o)
 .debug_frame   0x00001598       0xbc C:/Freescale/CW_MCU_v10.6/MCU/ARM_GCC_Support/ewl/lib/armv6-m\librt.a(__arm_eabi_init.o)
